# 0-add_integer DocTest

Function: add_integer()
>>> add_integer = __import__('0-add_integer').add_integer

# two integers
>>> add_integer(1, 2)
3
>>> add_integer(1000, -1)
999
>>> add_integer(10)
108

# two floats
>>> add_integer(2.4, 4.2)
6
>>> add_integer(3, 4.2)
7
>>> add_integer(2.4, 6)
8

# non-ints or non-floats
>>> add_integer("car", 4)
Traceback (most recent call last):
    ...
TypeError: a must be an integer
>>> add_integer(6, 'truck')
Traceback (most recent call last):
    ...
TypeError: b must be an integer

# no input
>>> add_integer(None)
Traceback (most recent call last):
    ...
TypeError: a must be an integer
