# 3-say_my_name DocTest

# Function: say_my_name()
>>> say_my_name = __import__('3-say_my_name').say_my_name

# Normal concatenation
>>> say_my_name('Nash', 'Thames')
My name is Nash Thames

# No first_name
>>> say_my_name(None, 'Anderson')
Traceback (most recent call last):
    ...
TypeError: first_name must be a string

# No last_name
>>> say_my_name('Jonas')
My name is Jonas 

# No arguments
>>> say_my_name()
Traceback (most recent call last):
    ...
TypeError: say_my_name() missing 1 required positional argument: 'first_name'

# Non-string arguments
>>> say_my_name('StarFox', 64)
Traceback (most recent call last):
    ...
TypeError: last_name must be a string
